<html>
<body>
<pre>
<h1>礦ision Build Log</h1>
<h2>Tool Versions:</h2>
IDE-Version: μVision V5.15
Copyright (C) 2015 ARM Ltd and ARM Germany GmbH. All rights reserved.
License Information: ken ken, ken, LIC=KMZ74-F49WJ-8A1DZ-JSJ2H-CZLPV-MAW1D
 
Tool Versions:
Toolchain:       *** Unknown Product ***  Version: 5.15.0
Toolchain Path:  F:\Keil_v5\ARM\ARMCC\Bin
C Compiler:      Armcc.exe V5.05 update 2 (build 169)
Assembler:       Armasm.exe V5.05 update 2 (build 169)
Linker/Locator:  ArmLink.exe V5.05 update 2 (build 169)
Library Manager: ArmAr.exe V5.05 update 2 (build 169)
Hex Converter:   FromElf.exe V5.05 update 2 (build 169)
CPU DLL:         SARMCM3.DLL V5.15.0
Dialog DLL:      DCM.DLL V1.13.2.0
Target DLL:      STLink\ST-LINKIII-KEIL_SWO.dll V2.0.15.0_KEIL
Dialog DLL:      TCM.DLL V1.14.5.0
 
<h2>Project:</h2>
E:\作业\嵌入式开发\MCU-2019119133\实验6\2019119144_MCU-main\03-实验三-关键词 volatile 的实践\STM32L431_Key_volatile\MDK-ARM\STM32L431_Key_volatile.uvprojx
Project File Date:  12/13/2021

<h2>Output:</h2>
*** Using Compiler 'V5.05 update 2 (build 169)', folder: 'F:\Keil_v5\ARM\ARMCC\Bin'
Rebuild target 'STM32L431_Key_volatile'
compiling main.c...
compiling gpio.c...
compiling usart.c...
compiling stm32l4xx_it.c...
compiling stm32l4xx_hal_msp.c...
compiling stm32l4xx_hal_tim.c...
compiling stm32l4xx_hal_tim_ex.c...
compiling stm32l4xx_hal_uart.c...
compiling stm32l4xx_hal_uart_ex.c...
compiling stm32l4xx_hal.c...
compiling stm32l4xx_hal_i2c.c...
compiling stm32l4xx_hal_i2c_ex.c...
compiling stm32l4xx_hal_rcc.c...
compiling stm32l4xx_hal_rcc_ex.c...
compiling stm32l4xx_hal_flash.c...
compiling stm32l4xx_hal_flash_ex.c...
compiling stm32l4xx_hal_flash_ramfunc.c...
compiling stm32l4xx_hal_gpio.c...
compiling stm32l4xx_hal_dma.c...
compiling stm32l4xx_hal_dma_ex.c...
compiling stm32l4xx_hal_pwr.c...
compiling stm32l4xx_hal_pwr_ex.c...
compiling stm32l4xx_hal_cortex.c...
compiling stm32l4xx_hal_exti.c...
compiling system_stm32l4xx.c...
assembling startup_stm32l431xx.s...
linking...
STM32L431_Key_volatile\STM32L431_Key_volatile.axf: Warning: L6988W: Ignoring unknown patch sdcomp-29491-629360.
Program Size: Code=7252 RO-data=500 RW-data=40 ZI-data=1168  
Finished: 0 information, 1 warning and 0 error messages.
"STM32L431_Key_volatile\STM32L431_Key_volatile.axf" - 0 Error(s), 1 Warning(s).

<h2>Software Packages used:</h2>

Package Vendor: ARM
                http://www.keil.com/pack/ARM.CMSIS.4.3.0.pack
                ARM::CMSIS:CORE:4.1.0
                CMSIS (Cortex Microcontroller Software Interface Standard)
   * Component: CORE Version: 4.1.0

<h2>Collection of Component include folders:</h2>
  E:\作业\嵌入式开发\MCU-2019119133\实验6\2019119144_MCU-main\03-实验三-关键词 volatile 的实践\STM32L431_Key_volatile\MDK-ARM\RTE
  F:\Keil_v5\ARM\PACK\ARM\CMSIS\4.3.0\CMSIS\Include
  F:\Keil_v5\ARM\PACK\Keil\STM32L4xx_DFP\2.6.1\Drivers\CMSIS\Device\ST\STM32L4xx\Include

<h2>Collection of Component Files used:</h2>

   * Component: ARM::CMSIS:CORE:4.1.0
</pre>
</body>
</html>
